[22:06:54] 读取行情数据 ...
[22:07:25] 行情数据: 10,543,442 行, 5705 只股票
[22:07:25] 构建特征 ...
[22:08:33] 组装特征矩阵 ...
[22:08:34] 可交易样本占比 0.996, 剔除(次日开盘涨停/长停牌) 36,539 行
[22:08:34] 特征矩阵: 10,543,442 x 44
[22:08:36] 样本: 训练 5,939,791 / 验证 3,470,153
[22:08:42] 开始训练 LightGBM ...
Training until validation scores don't improve for 150 rounds
[100]	valid_0's auc: 0.540271	valid_0's binary_logloss: 0.691795
[200]	valid_0's auc: 0.540786	valid_0's binary_logloss: 0.693386
[300]	valid_0's auc: 0.537814	valid_0's binary_logloss: 0.695385
Early stopping, best iteration is:
[162]	valid_0's auc: 0.542222	valid_0's binary_logloss: 0.692498
Evaluated only: auc
[22:14:14] 训练完成, best_iter=162, 用时 7.3 min

================ 模型评估 ================
period       n    auc  logloss    acc  base_rate
   训练集 5939791 0.6871   0.6526 0.6266     0.4842
   验证集 3470153 0.5422   0.6925 0.5340     0.4911
[22:14:43] 回测 (训练集) ...
[22:15:04] 回测 (验证集) ...

============ 回测汇总 (t+1开盘买/收盘卖, 等权, 成本万15, 剔除涨停开盘) ============

--- 训练集 ---
strategy  days  avg_hold  ann_gross  ann_net  excess_ann  sharpe     mdd  win_daily  avg_turnover
    Top5  1457    5.0000     1.8772   0.9834      0.6933  2.3593 -0.1841     0.5731        0.9875
   Top10  1457   10.0000     1.8978   1.0020      0.7119  2.7477 -0.1718     0.5916        0.9817
   Top20  1457   20.0000     1.6822   0.8604      0.5704  2.6478 -0.1428     0.5806        0.9709
   Top50  1457   50.0000     1.3660   0.6538      0.3638  2.3098 -0.1780     0.5896        0.9499
 P>=0.50  1457 1381.0762     1.8654   1.5094      1.2194  6.1534 -0.0752     0.7399        0.3531
 P>=0.55  1457  675.3281     1.3273   1.1540      0.8639  6.2544 -0.0442     0.8696        0.2070
 P>=0.60  1457  351.3720     0.8532   0.7694      0.4794  5.2048 -0.0279     0.9127        0.1242
    市场等权  1457 4076.7268     0.2900   0.2900      0.0000  1.3690 -0.2354     0.5704        0.0000

--- 验证集 ---
strategy  days  avg_hold  ann_gross  ann_net  excess_ann  sharpe     mdd  win_daily  avg_turnover
    Top5   665    5.0000     1.0937   0.4412      0.1075  1.1573 -0.3438     0.5414        0.9898
   Top10   665   10.0000     1.1607   0.4900      0.1562  1.3330 -0.3196     0.5534        0.9853
   Top20   665   20.0000     0.9920   0.3789      0.0452  1.1538 -0.3128     0.5564        0.9749
   Top50   665   50.0000     0.8606   0.2958     -0.0379  1.0002 -0.3084     0.5474        0.9585
 P>=0.50   665 2147.8586     0.4866   0.2865     -0.0472  1.1714 -0.2413     0.5789        0.3825
 P>=0.55   665 1045.9323     0.3323   0.2096     -0.1242  1.0960 -0.1809     0.5753        0.2561
 P>=0.60   665  449.5865     0.2970   0.2293     -0.1045  1.4457 -0.1832     0.6179        0.1426
    市场等权   665 5218.2752     0.3338   0.3338      0.0000  1.2822 -0.2615     0.5774        0.0000

---------------- IC (RankIC) ----------------
训练集: IC均值 0.0366, ICIR 0.30 (年化t≈11.5)
验证集: IC均值 0.0097, ICIR 0.07 (年化t≈1.7)

---------------- 分年度 AUC ----------------
period year    auc    acc       n
   训练集 2018 0.6574 0.6167  806355
   训练集 2019 0.6783 0.6206  871960
   训练集 2020 0.6804 0.6209  920755
   训练集 2021 0.6376 0.5783 1027361
   训练集 2022 0.7357 0.6695 1121280
   训练集 2023 0.7116 0.6433 1192080
   验证集 2024 0.5659 0.5526 1237690
   验证集 2025 0.5343 0.5231 1281123
   验证集 2026 0.5272 0.5244  951340

---------------- 概率分档平均次日收益 ----------------
--- 训练集 ---
 bucket     mean  count period
      0 -0.01485 593980    训练集
      1 -0.00702 593979    训练集
      2 -0.00394 593979    训练集
      3 -0.00195 593979    训练集
      4  0.00007 593979    训练集
      5  0.00209 593979    训练集
      6  0.00380 593979    训练集
      7  0.00596 593979    训练集
      8  0.00904 593979    训练集
      9  0.01730 593979    训练集
--- 验证集 ---
 bucket     mean  count period
      0 -0.00104 347016    验证集
      1 -0.00056 347015    验证集
      2 -0.00027 347015    验证集
      3 -0.00047 347015    验证集
      4  0.00008 347016    验证集
      5  0.00149 347015    验证集
      6  0.00239 347015    验证集
      7  0.00262 347015    验证集
      8  0.00238 347015    验证集
      9  0.00660 347016    验证集

输出目录: /home/lan/桌面/sm701/lgbm_output
  - lgbm_model.txt
  - feature_importance.csv
  - backtest_summary.csv
  - daily_equity.csv
  - prob_decile.csv
  - yearly_auc.csv
  - valid_predictions.csv.gz
  - run_config.json
[22:16:01] 全部完成, 总用时 9.1 min
